// Jest Snapshot v1, https://goo.gl/fbAQLP

exports[`App should return rendered routes 1`] = `
<h1>
  Some initial data
</h1>
`;
