// Jest Snapshot v1, https://goo.gl/fbAQLP

exports[`Link should render a React Router link 1`] = `
<Link
  replace={false}
  to="/test"
>
  Test!
</Link>
`;
