// Jest Snapshot v1, https://goo.gl/fbAQLP

exports[`loadInitialData no matched route should return an empty object 1`] = `[Error: No route was found for url.]`;
