// Jest Snapshot v1, https://goo.gl/fbAQLP

exports[`Root should render a div with injected HTML 1`] = `
<div
  dangerouslySetInnerHTML={
    Object {
      "__html": <div>
        Hello!
      </div>,
    }
  }
  id="__uni__"
/>
`;

exports[`Scripts should render scripts for each JS script 1`] = `
Array [
  <script
    defer={true}
    key="script-https://example.com/bundle.one.js"
    src="https://example.com/bundle.one.js"
  />,
  <script
    defer={true}
    key="script-https://example.com/bundle.two.js"
    src="https://example.com/bundle.two.js"
  />,
]
`;
