// Jest Snapshot v1, https://goo.gl/fbAQLP

exports[`ClientApp should render as exepcted 1`] = `
<BrowserRouter
  data="someData!"
  routes={
    Array [
      "someRoute",
    ]
  }
>
  <withRouter(App)
    initialData="someData!"
    routes={
      Array [
        "someRoute",
      ]
    }
  />
</BrowserRouter>
`;

exports[`ServerApp no passed routerContext should render as exepcted 1`] = `
<StaticRouter
  basename=""
  context={Object {}}
  data="somePassedData"
  location="someUrl"
  routes={
    Array [
      "someRoute",
    ]
  }
>
  <withRouter(App)
    initialData="somePassedData"
    routes={
      Array [
        "someRoute",
      ]
    }
  />
</StaticRouter>
`;

exports[`ServerApp should render as exepcted 1`] = `
<StaticRouter
  basename=""
  context={
    Object {
      "context": "someRouterContext",
    }
  }
  data="somePassedData"
  location="someUrl"
  routes={
    Array [
      "someRoute",
    ]
  }
>
  <withRouter(App)
    initialData="somePassedData"
    routes={
      Array [
        "someRoute",
      ]
    }
  />
</StaticRouter>
`;
